<a href="https://ipfs.io/" target="_blank">InterPlanetary File System</a><a href="https://blog.ipfs.io/2021-04-05-storing-nfts-on-ipfs/" target="_blank">Read our recent blog post</a><a href="https://docs.ipfs.io/how-to/best-practices-for-nft-data/" target="_blank">Best Practices for Storing NFT Data using IPFS</a><a href="https://research.protocol.ai/tutorials/resnetlab-on-tour/" target="_blank">shiny new ResNetLab on Tour website</a><a href="https://scaling.ethglobal.co/" target="_blank">Learn more</a><a href="https://www.youtube.com/watch?v=KUF4k1mzKKM" target="_blank">Watch the video</a><a href="http://www.digitaljournal.com/pr/5029059" target="_blank">Read the full announcement</a><a href="https://bafzbeidki5s6saconbtppzu77a2s4y4ey6tsarup4aqci3bwq4mt3uua3y.textile.space/" target="_blank">View them here</a><a href="https://medium.com/the-ethereum-name-service/cloudflare-and-fleek-make-ens-ipfs-site-deployment-as-easy-as-ever-262c990a7514" target="_blank">Find out why</a><a href="https://www.trufflesuite.com/boxes/filecoin" target="_blank">Filecoin Box</a><a href="https://quanta.wiki/n/upload-image-to-ipfs" target="_blank">Listen</a><a href="https://3boxlabs.typeform.com/to/jtjDfNDz" target="_blank">Help by taking their survey</a><a href="https://filecoinfoundation.medium.com/the-filecoin-foundation-announces-50-000-fil-grant-to-the-internet-archive-a4f27218e1a2" target="_blank">Get details</a><a href="https://protocollabs.typeform.com/to/hLGfKhxn" target="_blank">Sign up here</a><a href="https://www.meetup.com/San-Francisco-IPFS/events/276123324/" target="_blank">register to attend</a><a href="https://angel.co/company/humanode-2/jobs/1265884-consensus-protocol-and-dlt-engineer" target="_blank">Consensus Protocol and DLT Engineer</a><a href="https://textile.breezy.hr/p/421d4f71a227-senior-go-engineer" target="_blank">Senior Go Engineer</a><a href="https://angel.co/company/fleekhq/jobs/879081-full-stack-engineer" target="_blank">Full Stack Engineer</a><a href="https://jobs.lever.co/protocol/eb99c5db-b2bf-4af0-b3bc-c14406fc3d31" target="_blank">Partner Engineering Lead</a><a href="https://github.com/ipfs" target="_blank">GitHub</a><a href="https://discuss.ipfs.io/" target="_blank">our community forum</a><a href="https://riot.im/app/#/room/%23ipfs:matrix.org" target="_blank">in chat</a><a href="mailto:newsletter@ipfs.io" target="_blank">Email us</a><a href="https://ipfs.us4.list-manage.com/subscribe?u=25473244c7d18b897f5a1ff6b&id=cad54b2230" target="_blank">Sign up now</a>