<span>Title Promotion</span><img alt="Title Promotion - Dilbert by Scott Adams" src="http://localhost:8080/api/proxy/24866f703f91501ef242e1522da61fd862da001b/68747470733a2f2f6173736574732e616d756e6976657273616c2e636f6d2f6333323837323730366534613031333935333234303035303536613935343564" data-detox-src="https://assets.amuniversal.com/c32872706e4a01395324005056a9545d">