<img data-expand="600" width="758" height="379" src="data:image/svg+xml;charset=utf-8,%3Csvg%20xmlns%3D'http%3A%2F%2Fwww.w3.org%2F2000%2Fsvg'%20viewBox%3D'0%200%20758%20379'%2F%3E" data-src="https://img.veto.media/data/images/moment1.png" class="lazyload attachment-bimber-grid-2of3 size-bimber-grid-2of3 wp-post-image" alt="Nowa opłata. Nawet 1 zł za plastikowy kubek. Walka z plastikiem. Plastik" title="Nowa opłata. Nawet 1 zł za plastikowy kubek. Walka z plastikiem. Plastik" loading="lazy" itemprop="contentUrl"><div class="g1-content-narrow g1-typography-xl entry-content" itemprop="articleBody">
<h2><strong>Opłata produktowa – kto zapłaci?</strong></h2>
<p><strong>Na maksymalnie 1 zł ustanowiono opłatę, jaka będzie doliczana do wydawanych klientom np. jednorazowych kubków – wynika z opublikowanego w czwartek projektu MKiŚ.</strong></p>
<ul><li><strong>Od lipca z kolei nie będzie można wprowadzać na rynek np. patyczków higienicznych z tworzyw nie poddających się recyklingowi.</strong></li></ul>
<p><strong>W czwartek na stronach RCL opublikowany został projekt noweli ustawy o obowiązkach przedsiębiorców </strong>w zakresie gospodarowania niektórymi odpadami oraz o opłacie produktowej oraz niektórych innych ustaw.<strong> Przygotowany został przez resort klimatu i środowiska.</strong></p>
<ul><li><strong>Chodzi w niej m.in. o ograniczenie stosowania jednorazowych przedmiotów składających się z plastiku, takich jak np. mieszadełka, patyczki do uszu, talerze czy słomki.</strong></li></ul>
<ul><li>Nowelizacja przewiduje wprowadzenie <strong>opłaty produktowej w wysokości maksymalnie 1 zł za jedną sztukę opakowania jednorazowego użytku z tworzywa sztucznego</strong>, która będzie doliczana do sprzedawanego w nim produktu. Ostateczna stawka zostanie określona w rozporządzeniu.</li></ul>
<p></p>
<p><strong>Projekt przewiduje, że opłatę np. za jednorazowy kubek, w którym wydawana jest kawa, będą pobierały jednostki handlu detalicznego, hurtownie, bądź lokale gastronomiczne.</strong></p>
<p>Jak wynika z projektu, sklepy czy kawiarnie, które będą wydawać jednorazowe opakowania, będą musiały zapewnić swoim klientom alternatywę, <strong>czyli udostępnić produkty i opakowania wielokrotnego użytku bądź wykonane z materiałów innych niż plastik.</strong></p>
<ul><li>Przyszła nowela zobowiązuje także sklepy i jednostki gastronomiczne, gdzie oferowane są jednorazowe opakowania.</li></ul>
<ul><li>Projekt przewiduje ponadto, że od 3 lipca br. na części produktów umieszczane będą informacje np. o tym, jak prawidłowo zagospodarować odpady powstałe z tych produktów. <strong>Takie informacje mają pojawić się na: podpaskach, tamponach, chusteczkach nawilżanych, na wyrobach tytoniowych z filtrami i kubkach na napoje.</strong>
</li></ul>
<p></p>
<p></p>
<p><strong>ŹRÓDŁO: PAP</strong></p>
</div><img data-expand="600" width="308" height="205" src="data:image/svg+xml;charset=utf-8,%3Csvg%20xmlns%3D'http%3A%2F%2Fwww.w3.org%2F2000%2Fsvg'%20viewBox%3D'0%200%20308%20205'%2F%3E" data-src="https://img.veto.media/data/images/policaj.png" class="lazyload attachment-bimber-grid-standard size-bimber-grid-standard wp-post-image" alt="Trójmiasto: Policja chce cofnąć koncesję na alkohol dla lokali, które się otworzyły" title="Trójmiasto: Policja chce cofnąć koncesję na alkohol dla lokali, które się otworzyły" loading="lazy"><img data-expand="600" width="364" height="182" src="data:image/svg+xml;charset=utf-8,%3Csvg%20xmlns%3D'http%3A%2F%2Fwww.w3.org%2F2000%2Fsvg'%20viewBox%3D'0%200%20364%20182'%2F%3E" data-src="https://img.veto.media/data/images/miniaturka.png" class="lazyload attachment-bimber-grid-standard size-bimber-grid-standard wp-post-image" alt="Otwarty lokal – interwencja policji. “70 chłopa okrada nam chłodnie i zapasy”" title="Otwarty lokal – interwencja policji. “70 chłopa okrada nam chłodnie i zapasy”" loading="lazy"><img data-expand="600" width="364" height="182" src="data:image/svg+xml;charset=utf-8,%3Csvg%20xmlns%3D'http%3A%2F%2Fwww.w3.org%2F2000%2Fsvg'%20viewBox%3D'0%200%20364%20182'%2F%3E" data-src="https://img.veto.media/data/images/moras.png" class="lazyload attachment-bimber-grid-standard size-bimber-grid-standard wp-post-image" alt="Jak dostać się na siłownię? Rząd ogranicza dostęp. Licencje zawodnicze już nie działają. Siłownie bankrutują" title="Jak dostać się na siłownię? Rząd ogranicza dostęp. Licencje zawodnicze już nie działają. Siłownie bankrutują" loading="lazy"><img data-expand="600" width="343" height="205" src="data:image/svg+xml;charset=utf-8,%3Csvg%20xmlns%3D'http%3A%2F%2Fwww.w3.org%2F2000%2Fsvg'%20viewBox%3D'0%200%20343%20205'%2F%3E" data-src="https://img.veto.media/data/images/Untitled-design.jpg" class="lazyload attachment-bimber-grid-standard size-bimber-grid-standard wp-post-image" alt="Zakaz przemieszczania się, godzina policyjna. Prof Horban rekomenduje" title="Zakaz przemieszczania się, godzina policyjna. Prof Horban rekomenduje" loading="lazy"><img data-expand="600" width="150" height="75" src="data:image/svg+xml;charset=utf-8,%3Csvg%20xmlns%3D'http%3A%2F%2Fwww.w3.org%2F2000%2Fsvg'%20viewBox%3D'0%200%20150%2075'%2F%3E" data-src="https://img.veto.media/data/images/moras.png" class="lazyload attachment-thumbnail size-thumbnail wp-post-image" alt="Jak dostać się na siłownię? Rząd ogranicza dostęp. Licencje zawodnicze już nie działają. Siłownie bankrutują" title="Jak dostać się na siłownię? Rząd ogranicza dostęp. Licencje zawodnicze już nie działają. Siłownie bankrutują" loading="lazy"><img data-expand="600" width="234" height="156" src="data:image/svg+xml;charset=utf-8,%3Csvg%20xmlns%3D'http%3A%2F%2Fwww.w3.org%2F2000%2Fsvg'%20viewBox%3D'0%200%20234%20156'%2F%3E" data-src="https://img.veto.media/data/images/nowe-podatki.png" class="lazyload attachment-bimber-grid-fancy size-bimber-grid-fancy wp-post-image" alt="Minister Finansów zapowiada podwyżkę podatków. Koszty zostaną przerzucone nawet na średnio zarabiających polaków" title="Minister Finansów zapowiada podwyżkę podatków. Koszty zostaną przerzucone nawet na średnio zarabiających polaków" loading="lazy"><img data-expand="600" width="245" height="156" src="data:image/svg+xml;charset=utf-8,%3Csvg%20xmlns%3D'http%3A%2F%2Fwww.w3.org%2F2000%2Fsvg'%20viewBox%3D'0%200%20245%20156'%2F%3E" data-src="https://img.veto.media/data/images/piwpaw321.png" class="lazyload attachment-bimber-grid-fancy size-bimber-grid-fancy wp-post-image" alt="Lokal PiwPaw: Właściciel skuty i zatrzymany.  Złożyliśmy skargę i zawiadomienie o popełnieniu przestępstwa - komentuje lokal." title="Lokal PiwPaw: Właściciel skuty i zatrzymany.  Złożyliśmy skargę i zawiadomienie o popełnieniu przestępstwa - komentuje lokal." loading="lazy"><img data-expand="600" width="277" height="156" src="data:image/svg+xml;charset=utf-8,%3Csvg%20xmlns%3D'http%3A%2F%2Fwww.w3.org%2F2000%2Fsvg'%20viewBox%3D'0%200%20277%20156'%2F%3E" data-src="https://img.veto.media/data/images/co-tam-sapiesz.jpg" class="lazyload attachment-bimber-grid-fancy size-bimber-grid-fancy wp-post-image" alt="Czy prokuratura zajmie się rządem? Pojawiło się zawiadomienie do prokuratory" title="Czy prokuratura zajmie się rządem? Pojawiło się zawiadomienie do prokuratory" loading="lazy"><img data-expand="600" width="312" height="156" src="data:image/svg+xml;charset=utf-8,%3Csvg%20xmlns%3D'http%3A%2F%2Fwww.w3.org%2F2000%2Fsvg'%20viewBox%3D'0%200%20312%20156'%2F%3E" data-src="https://img.veto.media/data/images/konieczny.jpg" class="lazyload attachment-bimber-grid-fancy size-bimber-grid-fancy wp-post-image" alt="Dyrektor lasów państwowych kupił dom za bezcen" title="Dyrektor lasów państwowych kupił dom za bezcen" loading="lazy"><img data-expand="600" width="277" height="156" src="data:image/svg+xml;charset=utf-8,%3Csvg%20xmlns%3D'http%3A%2F%2Fwww.w3.org%2F2000%2Fsvg'%20viewBox%3D'0%200%20277%20156'%2F%3E" data-src="https://img.veto.media/data/images/rtv.jpg" class="lazyload attachment-bimber-grid-fancy size-bimber-grid-fancy wp-post-image" alt="RTV Euro AGD otwarte podczas lockdownu.  Biuro prasowe Euro-net stwierdziło, że wszystkie sklepy " dzia zgodnie z obowi przepisami a niekt plac maj tak struktur oferty dla naszych klient aby by ona zgodna rozporz title="RTV Euro AGD otwarte podczas lockdownu.  Biuro prasowe Euro-net stwierdziło, że wszystkie sklepy " loading="lazy">